// Jest Snapshot v1, https://goo.gl/fbAQLP

exports[`MessageRenderer adds images to preview 1`] = `
"<div><div class=\\"markdown\\"><p><a href=\\"https://s3.amazonaws.com/keybase_processed_uploads/d24c7479498157f2cb81e185977dfd05_360_360.jpeg\\">https://s3.amazonaws.com/keybase_processed_uploads/d24c7479498157f2cb81e185977dfd05_360_360.jpeg</a></p>
</div><div class=\\"previews\\"><img src=\\"https://s3.amazonaws.com/keybase_processed_uploads/d24c7479498157f2cb81e185977dfd05_360_360.jpeg\\"></div></div>"
`;

exports[`MessageRenderer highlights code 1`] = `
"<div><div class=\\"markdown\\"><pre class=\\"hljs\\"><code class=\\"language-javascript\\"><span class=\\"hljs-keyword\\">const</span> hello = <span class=\\"hljs-string\\">\\"world\\"</span>;
</code></pre>
</div><div class=\\"previews\\"></div></div>"
`;

exports[`MessageRenderer renders bold text 1`] = `
"<div><div class=\\"markdown\\"><p><strong>Bold text</strong></p>
</div><div class=\\"previews\\"></div></div>"
`;

exports[`MessageRenderer renders italic text 1`] = `
"<div><div class=\\"markdown\\"><p><em>Italic text</em></p>
</div><div class=\\"previews\\"></div></div>"
`;

exports[`MessageRenderer renders line breaks 1`] = `
"<div><div class=\\"markdown\\"><p>hello<br>
world</p>
</div><div class=\\"previews\\"></div></div>"
`;

exports[`MessageRenderer renders lists 1`] = `
"<div><div class=\\"markdown\\"><p>This is a list:</p>
<ul>
<li>Item 1</li>
<li>Item 2</li>
</ul>
</div><div class=\\"previews\\"></div></div>"
`;

exports[`MessageRenderer renders math 1`] = `
"<div><div class=\\"markdown\\"><p><span class=\\"katex\\"><span class=\\"katex-mathml\\"><math><semantics><mrow><msqrt><mrow><mn>3</mn></mrow></msqrt></mrow><annotation encoding=\\"application/x-tex\\">\\\\sqrt{3}</annotation></semantics></math></span><span class=\\"katex-html\\" aria-hidden=\\"true\\"><span class=\\"strut\\" style=\\"height:0.9072200000000001em;\\"></span><span class=\\"strut bottom\\" style=\\"height:1.04em;vertical-align:-0.13277999999999995em;\\"></span><span class=\\"base textstyle uncramped\\"><span class=\\"sqrt mord\\"><span class=\\"sqrt-sign\\" style=\\"top:-0.06722000000000006em;\\"><span class=\\"style-wrap reset-textstyle textstyle uncramped\\">√</span></span><span class=\\"vlist\\"><span style=\\"top:0em;\\"><span class=\\"fontsize-ensurer reset-size5 size5\\"><span style=\\"font-size:1em;\\">​</span></span><span class=\\"mord textstyle cramped\\"><span class=\\"mord mathrm\\">3</span></span></span><span style=\\"top:-0.8272200000000001em;\\"><span class=\\"fontsize-ensurer reset-size5 size5\\"><span style=\\"font-size:1em;\\">​</span></span><span class=\\"reset-textstyle textstyle uncramped sqrt-line\\"></span></span><span class=\\"baseline-fix\\"><span class=\\"fontsize-ensurer reset-size5 size5\\"><span style=\\"font-size:1em;\\">​</span></span>​</span></span></span></span></span></span></p>
</div><div class=\\"previews\\"></div></div>"
`;

exports[`MessageRenderer renders strikethrough text 1`] = `
"<div><div class=\\"markdown\\"><p><s>Strikethrough text</s></p>
</div><div class=\\"previews\\"></div></div>"
`;
